
> final-project-v2@1.0.0 test
> jest --runInBand

